[10:00:00.000] The competitor(1) registered
[10:00:10.000] The start time for the competitor(1) was set by a draw to 09:30:00.000
[10:00:20.000] The competitor(1) is on the start line
[10:00:30.000] The competitor(1) has started
[10:00:40.000] The competitor(1) is on the firing range(1)
[10:00:50.000] The target(1) has been hit by competitor(1)
[10:01:00.000] The competitor(1) left the firing range
[10:01:10.000] The competitor(1) entered the penalty laps
[10:01:20.000] The competitor(1) left the penalty laps
[10:01:30.000] The competitor(1) ended the main lap
[10:01:40.000] The competitor(1) can`t continue: Lost in the forest