[00:03:00.000] 1 [{00:01:30.000, 38.889}, {00:01:30.000, 38.889}] [{00:00:10.000, 15.000}, {00:00:10.000, 15.000}] 8/10
